2026-06-06 22:21:00,586 INFO notifyConnectTimeout:100

2026-06-06 22:21:00,589 INFO notifySocketTimeout:200

2026-06-06 22:21:00,589 INFO isHealthCheck:true

2026-06-06 22:21:00,589 INFO maxHealthCheckFailCount:12

2026-06-06 22:21:00,589 INFO maxContent:10485760

2026-06-06 22:21:18,054 WARN DumpService start

2026-06-06 22:21:18,055 INFO start clear all config-info.

2026-06-06 22:21:18,078 INFO clear all config-info success.

2026-06-06 22:21:18,078 INFO clear all config-info-tenant success.

2026-06-06 22:21:18,133 INFO All dump page size is set to 50 according to mem limit 972 MB

2026-06-06 22:21:18,133 INFO start dump all config-info...

2026-06-06 22:21:18,160 INFO [all-dump] submit all task for 1036207561537232896 / 1036207561537232896, dbTime=25,diskTime=1

2026-06-06 22:21:18,160 INFO [all-dump] wait 1 dump tasks to be finished

2026-06-06 22:21:19,160 INFO [all-dump] wait 1 dump tasks to be finished

2026-06-06 22:21:20,160 INFO [all-dump] wait 1 dump tasks to be finished

2026-06-06 22:21:21,161 INFO success to  dump all config-info。

2026-06-06 22:21:21,161 INFO start clear all config-info-beta.

2026-06-06 22:21:21,161 INFO clear all config-info-beta success.

2026-06-06 22:21:21,161 INFO clear all config-info-beta-tenant success.

2026-06-06 22:21:21,170 INFO start clear all config-info-tag.

2026-06-06 22:21:21,170 INFO clear all config-info-tag success.

2026-06-06 22:21:21,170 INFO clear all config-info-tag-tenant success.

