2026-06-06 22:21:17,495 INFO use local db service for init

2026-06-06 22:21:17,797 WARN Lexical error at line 4, column 66.  Encountered: <EOF> after : "".

2026-06-06 22:21:17,809 WARN Syntax error: Encountered "*" at line 1, column 1.

2026-06-06 22:21:17,836 WARN Table/View 'CONFIG_INFO' already exists in Schema 'NACOS'.

2026-06-06 22:21:17,856 WARN Table/View 'HIS_CONFIG_INFO' already exists in Schema 'NACOS'.

2026-06-06 22:21:17,865 WARN Table/View 'CONFIG_INFO_BETA' already exists in Schema 'NACOS'.

2026-06-06 22:21:17,869 WARN Table/View 'CONFIG_INFO_TAG' already exists in Schema 'NACOS'.

2026-06-06 22:21:17,875 WARN Table/View 'CONFIG_INFO_AGGR' already exists in Schema 'NACOS'.

2026-06-06 22:21:17,880 WARN Table/View 'APP_LIST' already exists in Schema 'NACOS'.

2026-06-06 22:21:17,883 WARN Table/View 'APP_CONFIGDATA_RELATION_SUBS' already exists in Schema 'NACOS'.

2026-06-06 22:21:17,886 WARN Table/View 'APP_CONFIGDATA_RELATION_PUBS' already exists in Schema 'NACOS'.

2026-06-06 22:21:17,889 WARN Table/View 'CONFIG_TAGS_RELATION' already exists in Schema 'NACOS'.

2026-06-06 22:21:17,894 WARN Table/View 'GROUP_CAPACITY' already exists in Schema 'NACOS'.

2026-06-06 22:21:17,898 WARN Table/View 'TENANT_CAPACITY' already exists in Schema 'NACOS'.

2026-06-06 22:21:17,901 WARN Table/View 'TENANT_INFO' already exists in Schema 'NACOS'.

2026-06-06 22:21:17,906 WARN Table/View 'USERS' already exists in Schema 'NACOS'.

2026-06-06 22:21:17,909 WARN Table/View 'ROLES' already exists in Schema 'NACOS'.

2026-06-06 22:21:17,911 WARN Table/View 'PERMISSIONS' already exists in Schema 'NACOS'.

2026-06-06 22:21:17,912 WARN Lexical error at line 4, column 13.  Encountered: "`" (96), after : "".

2026-06-06 22:21:17,912 WARN Lexical error at line 1, column 13.  Encountered: "`" (96), after : "".

2026-06-06 22:21:17,912 WARN Lexical error at line 1, column 13.  Encountered: "`" (96), after : "".

2026-06-06 22:21:17,912 WARN Lexical error at line 1, column 13.  Encountered: "`" (96), after : "".

2026-06-06 22:21:17,912 INFO use StandaloneDatabaseOperateImpl

