2026-06-06 22:15:43,142 INFO Nacos GrpcSdkServer Rpc server stopping

2026-06-06 22:15:43,148 INFO Nacos GrpcClusterServer Rpc server stopping

2026-06-06 22:15:44,911 INFO Nacos GrpcSdkServer Rpc server stopped successfully...

2026-06-06 22:15:44,911 INFO Nacos GrpcClusterServer Rpc server stopped successfully...

2026-06-06 22:21:15,547 INFO [ClientConnectionEventListenerRegistry] registry listener - ConnectionBasedClientManager

2026-06-06 22:21:22,087 INFO [ClientConnectionEventListenerRegistry] registry listener - ConfigConnectionEventListener

2026-06-06 22:21:22,516 INFO Nacos GrpcSdkServer Rpc server starting at port 9848

2026-06-06 22:21:31,851 INFO Load ProtocolNegotiatorBuilder com.alibaba.nacos.core.remote.grpc.negotiator.tls.SdkDefaultTlsProtocolNegotiatorBuilder for type DEFAULT_TLS

2026-06-06 22:21:31,851 INFO Load ProtocolNegotiatorBuilder com.alibaba.nacos.core.remote.grpc.negotiator.tls.ClusterDefaultTlsProtocolNegotiatorBuilder for type CLUSTER_DEFAULT_TLS

2026-06-06 22:21:31,851 WARN Not found ProtocolNegotiatorBuilder for type nacos.remote.server.rpc.protocol.negotiator.type, will use default type nacos.remote.server.rpc.protocol.negotiator.type

2026-06-06 22:21:31,853 WARN Recommended use 'nacos.remote.server.grpc.sdk.max-inbound-message-size' property instead 'nacos.remote.server.grpc.maxinbound.message.size', now property value is 10485760

2026-06-06 22:21:32,004 INFO Ssl Context auto refresh is not supported.

2026-06-06 22:21:32,004 INFO Ssl Context auto refresh is not supported.

2026-06-06 22:21:32,004 INFO RpcServerSslContextRefresher initialization completed.

2026-06-06 22:21:32,004 INFO Nacos GrpcSdkServer Rpc server started at port 9848

2026-06-06 22:21:32,006 INFO Nacos GrpcClusterServer Rpc server starting at port 9849

2026-06-06 22:21:32,006 WARN Not found ProtocolNegotiatorBuilder for type nacos.remote.cluster.server.rpc.protocol.negotiator.type, will use default type nacos.remote.cluster.server.rpc.protocol.negotiator.type

2026-06-06 22:21:32,007 WARN Recommended use 'nacos.remote.server.grpc.cluster.max-inbound-message-size' property instead 'nacos.remote.server.grpc.maxinbound.message.size', now property value is 10485760

2026-06-06 22:21:32,008 INFO Nacos GrpcClusterServer Rpc server started at port 9849

2026-06-06 22:21:32,022 INFO [ClientConnectionEventListenerRegistry] registry listener - RpcAckCallbackInitorOrCleaner

